// Jest Snapshot v1, https://goo.gl/fbAQLP

exports[`<LoaderW /> match a loader shap 1`] = `<wrapper />`;
